// Jest Snapshot v1, https://goo.gl/fbAQLP

exports[`<TileContainer /> should render correctly 1`] = `
<div
  className="TileContainer"
>
  <div
    className="Tile"
  >
    <div
      className="Tile-Image"
    >
      <img
        alt=""
        src="Sample.png"
      />
    </div>
    <div
      className="Tile-Details"
    >
      <hr
        className="divider"
      />
      <div
        className="ProjectInfo"
      >
        <h3
          className="ProjectInfo-Title"
        >
           React Logo Generator 
        </h3>
        <p
          className="ProjectInfo-Description"
        >
          This is Play Area to Change to generate React Logo with different colors
        </p>
      </div>
      <div
        className="AuthorInfo"
      >
        <a
          href="https://github.com/pankajladhar"
          target="_blank"
        >
          <img
            alt=""
            className="AuthorInfo-Avatar"
            src="Sample.png"
          />
        </a>
        <div>
          <a
            href="https://github.com/pankajladhar"
            target="_blank"
          >
            Pankaj Ladhar
          </a>
          <span
            className="AuthorInfo-submissionDate"
          >
            2017 Sept 15
          </span>
        </div>
      </div>
    </div>
  </div>
</div>
`;

exports[`TileContainer renders correctly 1`] = `
<div
  className="TileContainer"
>
  <div
    className="Tile"
  >
    <div
      className="Tile-Image"
    >
      <img
        alt=""
        src="Sample.png"
      />
    </div>
    <div
      className="Tile-Details"
    >
      <hr
        className="divider"
      />
      <div
        className="ProjectInfo"
      >
        <h3
          className="ProjectInfo-Title"
        >
           React Logo Generator 
        </h3>
        <p
          className="ProjectInfo-Description"
        >
          This is Play Area to Change to generate React Logo with different colors
        </p>
      </div>
      <div
        className="AuthorInfo"
      >
        <a
          href="https://github.com/pankajladhar"
          target="_blank"
        >
          <img
            alt=""
            className="AuthorInfo-Avatar"
            src="Sample.png"
          />
        </a>
        <div>
          <a
            href="https://github.com/pankajladhar"
            target="_blank"
          >
            Pankaj Ladhar
          </a>
          <span
            className="AuthorInfo-submissionDate"
          >
            2017 Sept 15
          </span>
        </div>
      </div>
    </div>
  </div>
</div>
`;
