// Jest Snapshot v1, https://goo.gl/fbAQLP

exports[`<InnerSubHeader /> should return correctly 1`] = `
<div
  className="InnerSubHeader"
>
  <div
    className="container"
  >
    <h1
      className="InnerSubHeader__Title"
    >
      InnerSubHeader
    </h1>
  </div>
</div>
`;
